kotlin version: 2.0.21
error message: org.jetbrains.kotlin.backend.common.BackendException: Backend Internal error: Exception during IR lowering
File being compiled: D:/RadioApp/app/src/main/java/cz/uhk/fim/zlesak/radioapp/data/RadioStation.kt
The root cause java.lang.IllegalStateException was thrown at: org.jetbrains.kotlin.fir.backend.Fir2IrDeclarationStorage.findContainingIrClassSymbol(Fir2IrDeclarationStorage.kt:390)
	at org.jetbrains.kotlin.backend.common.CodegenUtil.reportBackendException(CodegenUtil.kt:253)
	at org.jetbrains.kotlin.backend.common.CodegenUtil.reportBackendException$default(CodegenUtil.kt:236)
	at org.jetbrains.kotlin.backend.common.phaser.PerformByIrFilePhase.invokeSequential(performByIrFile.kt:65)
	at org.jetbrains.kotlin.backend.common.phaser.PerformByIrFilePhase.invoke(performByIrFile.kt:52)
	at org.jetbrains.kotlin.backend.common.phaser.PerformByIrFilePhase.invoke(performByIrFile.kt:38)
	at org.jetbrains.kotlin.backend.common.phaser.NamedCompilerPhase.phaseBody(CompilerPhase.kt:166)
	at org.jetbrains.kotlin.backend.common.phaser.AbstractNamedCompilerPhase.invoke(CompilerPhase.kt:113)
	at org.jetbrains.kotlin.backend.common.phaser.CompositePhase.invoke(PhaseBuilders.kt:27)
	at org.jetbrains.kotlin.backend.common.phaser.CompositePhase.invoke(PhaseBuilders.kt:14)
	at org.jetbrains.kotlin.backend.common.phaser.NamedCompilerPhase.phaseBody(CompilerPhase.kt:166)
	at org.jetbrains.kotlin.backend.common.phaser.AbstractNamedCompilerPhase.invoke(CompilerPhase.kt:113)
	at org.jetbrains.kotlin.backend.common.phaser.CompilerPhaseKt.invokeToplevel(CompilerPhase.kt:62)
	at org.jetbrains.kotlin.backend.jvm.JvmIrCodegenFactory.invokeLowerings(JvmIrCodegenFactory.kt:358)
	at org.jetbrains.kotlin.codegen.CodegenFactory.generateModule(CodegenFactory.kt:46)
	at org.jetbrains.kotlin.backend.jvm.JvmIrCodegenFactory.generateModuleInFrontendIRMode(JvmIrCodegenFactory.kt:433)
	at org.jetbrains.kotlin.cli.jvm.compiler.pipeline.JvmCompilerPipelineKt.generateCodeFromIr(jvmCompilerPipeline.kt:246)
	at org.jetbrains.kotlin.cli.jvm.compiler.pipeline.JvmCompilerPipelineKt.compileModulesUsingFrontendIrAndLightTree(jvmCompilerPipeline.kt:142)
	at org.jetbrains.kotlin.cli.jvm.K2JVMCompiler.doExecute(K2JVMCompiler.kt:148)
	at org.jetbrains.kotlin.cli.jvm.K2JVMCompiler.doExecute(K2JVMCompiler.kt:43)
	at org.jetbrains.kotlin.cli.common.CLICompiler.execImpl(CLICompiler.kt:103)
	at org.jetbrains.kotlin.cli.common.CLICompiler.execImpl(CLICompiler.kt:49)
	at org.jetbrains.kotlin.cli.common.CLITool.exec(CLITool.kt:101)
	at org.jetbrains.kotlin.incremental.IncrementalJvmCompilerRunner.runCompiler(IncrementalJvmCompilerRunner.kt:464)
	at org.jetbrains.kotlin.incremental.IncrementalJvmCompilerRunner.runCompiler(IncrementalJvmCompilerRunner.kt:73)
	at org.jetbrains.kotlin.incremental.IncrementalCompilerRunner.doCompile(IncrementalCompilerRunner.kt:506)
	at org.jetbrains.kotlin.incremental.IncrementalCompilerRunner.compileImpl(IncrementalCompilerRunner.kt:423)
	at org.jetbrains.kotlin.incremental.IncrementalCompilerRunner.compileNonIncrementally(IncrementalCompilerRunner.kt:301)
	at org.jetbrains.kotlin.incremental.IncrementalCompilerRunner.compile(IncrementalCompilerRunner.kt:129)
	at org.jetbrains.kotlin.daemon.CompileServiceImplBase.execIncrementalCompiler(CompileServiceImpl.kt:675)
	at org.jetbrains.kotlin.daemon.CompileServiceImplBase.access$execIncrementalCompiler(CompileServiceImpl.kt:92)
	at org.jetbrains.kotlin.daemon.CompileServiceImpl.compile(CompileServiceImpl.kt:1660)
	at java.base/jdk.internal.reflect.DirectMethodHandleAccessor.invoke(Unknown Source)
	at java.base/java.lang.reflect.Method.invoke(Unknown Source)
	at java.rmi/sun.rmi.server.UnicastServerRef.dispatch(Unknown Source)
	at java.rmi/sun.rmi.transport.Transport$1.run(Unknown Source)
	at java.rmi/sun.rmi.transport.Transport$1.run(Unknown Source)
	at java.base/java.security.AccessController.doPrivileged(Unknown Source)
	at java.rmi/sun.rmi.transport.Transport.serviceCall(Unknown Source)
	at java.rmi/sun.rmi.transport.tcp.TCPTransport.handleMessages(Unknown Source)
	at java.rmi/sun.rmi.transport.tcp.TCPTransport$ConnectionHandler.run0(Unknown Source)
	at java.rmi/sun.rmi.transport.tcp.TCPTransport$ConnectionHandler.lambda$run$0(Unknown Source)
	at java.base/java.security.AccessController.doPrivileged(Unknown Source)
	at java.rmi/sun.rmi.transport.tcp.TCPTransport$ConnectionHandler.run(Unknown Source)
	at java.base/java.util.concurrent.ThreadPoolExecutor.runWorker(Unknown Source)
	at java.base/java.util.concurrent.ThreadPoolExecutor$Worker.run(Unknown Source)
	at java.base/java.lang.Thread.run(Unknown Source)
Caused by: java.lang.IllegalStateException: IR class for GeneratedMessageLite not found
	at org.jetbrains.kotlin.fir.backend.Fir2IrDeclarationStorage.findContainingIrClassSymbol(Fir2IrDeclarationStorage.kt:390)
	at org.jetbrains.kotlin.fir.backend.Fir2IrDeclarationStorage.createMemberFunctionSymbol(Fir2IrDeclarationStorage.kt:372)
	at org.jetbrains.kotlin.fir.backend.Fir2IrDeclarationStorage.getIrFunctionSymbol(Fir2IrDeclarationStorage.kt:1118)
	at org.jetbrains.kotlin.fir.backend.Fir2IrDeclarationStorage.getIrFunctionSymbol$default(Fir2IrDeclarationStorage.kt:1081)
	at org.jetbrains.kotlin.fir.lazy.Fir2IrLazySimpleFunction.overriddenSymbols_delegate$lambda$10(Fir2IrLazySimpleFunction.kt:102)
	at org.jetbrains.kotlin.ir.declarations.lazy.SynchronizedLazyVar.getValue(lazyUtil.kt:29)
	at org.jetbrains.kotlin.ir.declarations.lazy.SynchronizedLazyVar.getValue(lazyUtil.kt:40)
	at org.jetbrains.kotlin.fir.backend.MappedLazyVar.getValue(Fir2IrSymbolsMappingForLazyClasses.kt:82)
	at org.jetbrains.kotlin.fir.lazy.Fir2IrLazySimpleFunction.getOverriddenSymbols(Fir2IrLazySimpleFunction.kt:96)
	at org.jetbrains.kotlin.ir.util.IrUtilsKt.allOverridden(IrUtils.kt:1459)
	at org.jetbrains.kotlin.backend.common.lower.SpecialBridgeMethods.findSpecialWithOverride(SpecialBridgeMethods.kt:120)
	at org.jetbrains.kotlin.backend.jvm.lower.JvmArgumentNullabilityAssertionsLowering.isCallToMethodWithTypeCheckBarrier(JvmArgumentNullabilityAssertionsLowering.kt:95)
	at org.jetbrains.kotlin.backend.jvm.lower.JvmArgumentNullabilityAssertionsLowering.visitMemberAccess(JvmArgumentNullabilityAssertionsLowering.kt:71)
	at org.jetbrains.kotlin.backend.jvm.lower.JvmArgumentNullabilityAssertionsLowering.visitMemberAccess(JvmArgumentNullabilityAssertionsLowering.kt:22)
	at org.jetbrains.kotlin.ir.visitors.IrElementTransformer$DefaultImpls.visitFunctionAccess(IrElementTransformer.kt:117)
	at org.jetbrains.kotlin.backend.jvm.lower.JvmArgumentNullabilityAssertionsLowering.visitFunctionAccess(JvmArgumentNullabilityAssertionsLowering.kt:22)
	at org.jetbrains.kotlin.backend.jvm.lower.JvmArgumentNullabilityAssertionsLowering.visitFunctionAccess(JvmArgumentNullabilityAssertionsLowering.kt:22)
	at org.jetbrains.kotlin.ir.visitors.IrElementTransformer$DefaultImpls.visitCall(IrElementTransformer.kt:162)
	at org.jetbrains.kotlin.backend.jvm.lower.JvmArgumentNullabilityAssertionsLowering.visitCall(JvmArgumentNullabilityAssertionsLowering.kt:22)
	at org.jetbrains.kotlin.backend.jvm.lower.JvmArgumentNullabilityAssertionsLowering.visitCall(JvmArgumentNullabilityAssertionsLowering.kt:22)
	at org.jetbrains.kotlin.ir.expressions.IrCall.accept(IrCall.kt:24)
	at org.jetbrains.kotlin.ir.expressions.IrExpression.transform(IrExpression.kt:24)
	at org.jetbrains.kotlin.backend.jvm.lower.JvmArgumentNullabilityAssertionsLowering.visitMemberAccess(JvmArgumentNullabilityAssertionsLowering.kt:74)
	at org.jetbrains.kotlin.backend.jvm.lower.JvmArgumentNullabilityAssertionsLowering.visitMemberAccess(JvmArgumentNullabilityAssertionsLowering.kt:22)
	at org.jetbrains.kotlin.ir.visitors.IrElementTransformer$DefaultImpls.visitFunctionAccess(IrElementTransformer.kt:117)
	at org.jetbrains.kotlin.backend.jvm.lower.JvmArgumentNullabilityAssertionsLowering.visitFunctionAccess(JvmArgumentNullabilityAssertionsLowering.kt:22)
	at org.jetbrains.kotlin.backend.jvm.lower.JvmArgumentNullabilityAssertionsLowering.visitFunctionAccess(JvmArgumentNullabilityAssertionsLowering.kt:22)
	at org.jetbrains.kotlin.ir.visitors.IrElementTransformer$DefaultImpls.visitCall(IrElementTransformer.kt:162)
	at org.jetbrains.kotlin.backend.jvm.lower.JvmArgumentNullabilityAssertionsLowering.visitCall(JvmArgumentNullabilityAssertionsLowering.kt:22)
	at org.jetbrains.kotlin.backend.jvm.lower.JvmArgumentNullabilityAssertionsLowering.visitCall(JvmArgumentNullabilityAssertionsLowering.kt:22)
	at org.jetbrains.kotlin.ir.expressions.IrCall.accept(IrCall.kt:24)
	at org.jetbrains.kotlin.ir.expressions.IrExpression.transform(IrExpression.kt:24)
	at org.jetbrains.kotlin.ir.expressions.IrSetValue.transformChildren(IrSetValue.kt:28)
	at org.jetbrains.kotlin.ir.visitors.IrElementTransformer$DefaultImpls.visitExpression(IrElementTransformer.kt:95)
	at org.jetbrains.kotlin.backend.jvm.lower.JvmArgumentNullabilityAssertionsLowering.visitExpression(JvmArgumentNullabilityAssertionsLowering.kt:22)
	at org.jetbrains.kotlin.backend.jvm.lower.JvmArgumentNullabilityAssertionsLowering.visitExpression(JvmArgumentNullabilityAssertionsLowering.kt:22)
	at org.jetbrains.kotlin.ir.visitors.IrElementTransformer$DefaultImpls.visitDeclarationReference(IrElementTransformer.kt:111)
	at org.jetbrains.kotlin.backend.jvm.lower.JvmArgumentNullabilityAssertionsLowering.visitDeclarationReference(JvmArgumentNullabilityAssertionsLowering.kt:22)
	at org.jetbrains.kotlin.backend.jvm.lower.JvmArgumentNullabilityAssertionsLowering.visitDeclarationReference(JvmArgumentNullabilityAssertionsLowering.kt:22)
	at org.jetbrains.kotlin.ir.visitors.IrElementTransformer$DefaultImpls.visitValueAccess(IrElementTransformer.kt:271)
	at org.jetbrains.kotlin.backend.jvm.lower.JvmArgumentNullabilityAssertionsLowering.visitValueAccess(JvmArgumentNullabilityAssertionsLowering.kt:22)
	at org.jetbrains.kotlin.backend.jvm.lower.JvmArgumentNullabilityAssertionsLowering.visitValueAccess(JvmArgumentNullabilityAssertionsLowering.kt:22)
	at org.jetbrains.kotlin.ir.visitors.IrElementTransformer$DefaultImpls.visitSetValue(IrElementTransformer.kt:277)
	at org.jetbrains.kotlin.backend.jvm.lower.JvmArgumentNullabilityAssertionsLowering.visitSetValue(JvmArgumentNullabilityAssertionsLowering.kt:22)
	at org.jetbrains.kotlin.backend.jvm.lower.JvmArgumentNullabilityAssertionsLowering.visitSetValue(JvmArgumentNullabilityAssertionsLowering.kt:22)
	at org.jetbrains.kotlin.ir.expressions.IrSetValue.accept(IrSetValue.kt:21)
	at org.jetbrains.kotlin.ir.expressions.IrExpression.transform(IrExpression.kt:24)
	at org.jetbrains.kotlin.ir.expressions.IrExpression.transform(IrExpression.kt:20)
	at org.jetbrains.kotlin.ir.util.TransformKt.transformInPlace(transform.kt:35)
	at org.jetbrains.kotlin.ir.expressions.IrBlockBody.transformChildren(IrBlockBody.kt:27)
	at org.jetbrains.kotlin.ir.visitors.IrElementTransformer$DefaultImpls.visitBody(IrElementTransformer.kt:100)
	at org.jetbrains.kotlin.backend.jvm.lower.JvmArgumentNullabilityAssertionsLowering.visitBody(JvmArgumentNullabilityAssertionsLowering.kt:22)
	at org.jetbrains.kotlin.backend.jvm.lower.JvmArgumentNullabilityAssertionsLowering.visitBody(JvmArgumentNullabilityAssertionsLowering.kt:22)
	at org.jetbrains.kotlin.ir.visitors.IrElementTransformer$DefaultImpls.visitBlockBody(IrElementTransformer.kt:108)
	at org.jetbrains.kotlin.backend.jvm.lower.JvmArgumentNullabilityAssertionsLowering.visitBlockBody(JvmArgumentNullabilityAssertionsLowering.kt:22)
	at org.jetbrains.kotlin.backend.jvm.lower.JvmArgumentNullabilityAssertionsLowering.visitBlockBody(JvmArgumentNullabilityAssertionsLowering.kt:22)
	at org.jetbrains.kotlin.ir.expressions.IrBlockBody.accept(IrBlockBody.kt:20)
	at org.jetbrains.kotlin.ir.expressions.IrBody.transform(IrBody.kt:20)
	at org.jetbrains.kotlin.ir.declarations.IrFunction.transformChildren(IrFunction.kt:58)
	at org.jetbrains.kotlin.ir.visitors.IrElementTransformer$DefaultImpls.visitDeclaration(IrElementTransformer.kt:27)
	at org.jetbrains.kotlin.backend.jvm.lower.JvmArgumentNullabilityAssertionsLowering.visitDeclaration(JvmArgumentNullabilityAssertionsLowering.kt:47)
	at org.jetbrains.kotlin.backend.jvm.lower.JvmArgumentNullabilityAssertionsLowering.visitDeclaration(JvmArgumentNullabilityAssertionsLowering.kt:22)
	at org.jetbrains.kotlin.ir.visitors.IrElementTransformer$DefaultImpls.visitFunction(IrElementTransformer.kt:44)
	at org.jetbrains.kotlin.backend.jvm.lower.JvmArgumentNullabilityAssertionsLowering.visitFunction(JvmArgumentNullabilityAssertionsLowering.kt:22)
	at org.jetbrains.kotlin.backend.jvm.lower.JvmArgumentNullabilityAssertionsLowering.visitFunction(JvmArgumentNullabilityAssertionsLowering.kt:22)
	at org.jetbrains.kotlin.ir.visitors.IrElementTransformer$DefaultImpls.visitSimpleFunction(IrElementTransformer.kt:73)
	at org.jetbrains.kotlin.backend.jvm.lower.JvmArgumentNullabilityAssertionsLowering.visitSimpleFunction(JvmArgumentNullabilityAssertionsLowering.kt:22)
	at org.jetbrains.kotlin.backend.jvm.lower.JvmArgumentNullabilityAssertionsLowering.visitSimpleFunction(JvmArgumentNullabilityAssertionsLowering.kt:22)
	at org.jetbrains.kotlin.ir.declarations.IrSimpleFunction.accept(IrSimpleFunction.kt:39)
	at org.jetbrains.kotlin.ir.IrElementBase.transform(IrElementBase.kt:33)
	at org.jetbrains.kotlin.ir.util.TransformKt.transformInPlace(transform.kt:35)
	at org.jetbrains.kotlin.ir.declarations.IrClass.transformChildren(IrClass.kt:82)
	at org.jetbrains.kotlin.ir.visitors.IrElementTransformer$DefaultImpls.visitDeclaration(IrElementTransformer.kt:27)
	at org.jetbrains.kotlin.backend.jvm.lower.JvmArgumentNullabilityAssertionsLowering.visitDeclaration(JvmArgumentNullabilityAssertionsLowering.kt:47)
	at org.jetbrains.kotlin.backend.jvm.lower.JvmArgumentNullabilityAssertionsLowering.visitDeclaration(JvmArgumentNullabilityAssertionsLowering.kt:22)
	at org.jetbrains.kotlin.ir.visitors.IrElementTransformer$DefaultImpls.visitClass(IrElementTransformer.kt:35)
	at org.jetbrains.kotlin.backend.jvm.lower.JvmArgumentNullabilityAssertionsLowering.visitClass(JvmArgumentNullabilityAssertionsLowering.kt:22)
	at org.jetbrains.kotlin.backend.jvm.lower.JvmArgumentNullabilityAssertionsLowering.visitClass(JvmArgumentNullabilityAssertionsLowering.kt:22)
	at org.jetbrains.kotlin.ir.declarations.IrClass.accept(IrClass.kt:72)
	at org.jetbrains.kotlin.ir.IrElementBase.transform(IrElementBase.kt:33)
	at org.jetbrains.kotlin.ir.util.TransformKt.transformInPlace(transform.kt:35)
	at org.jetbrains.kotlin.ir.declarations.IrFile.transformChildren(IrFile.kt:38)
	at org.jetbrains.kotlin.backend.jvm.lower.JvmArgumentNullabilityAssertionsLowering.lower(JvmArgumentNullabilityAssertionsLowering.kt:41)
	at org.jetbrains.kotlin.backend.common.phaser.PhaseFactoriesKt.createFilePhase$lambda$4(PhaseFactories.kt:71)
	at org.jetbrains.kotlin.backend.common.phaser.PhaseBuildersKt$createSimpleNamedCompilerPhase$1.phaseBody(PhaseBuilders.kt:69)
	at org.jetbrains.kotlin.backend.common.phaser.SimpleNamedCompilerPhase.phaseBody(CompilerPhase.kt:226)
	at org.jetbrains.kotlin.backend.common.phaser.AbstractNamedCompilerPhase.invoke(CompilerPhase.kt:113)
	at org.jetbrains.kotlin.backend.common.phaser.PerformByIrFilePhase.invokeSequential(performByIrFile.kt:62)
	... 43 more


